###############################################################################
#
# IAR ELF Linker V7.80.1.11864/W32 for ARM                14/Mar/2017  13:40:52
# Copyright 2007-2016 IAR Systems AB.
#
#    Output file  =  
#        Z:\GitHub\Projet_M2_recpt\Board\nrf6310\uart_example\iar\Debug\Exe\uart_example.out
#    Map file     =  
#        Z:\GitHub\Projet_M2_recpt\Board\nrf6310\uart_example\iar\Debug\List\uart_example.map
#    Command line =  
#        Z:\GitHub\Projet_M2_recpt\Board\nrf6310\uart_example\iar\Debug\Obj\acc_gyr_computation.o
#        Z:\GitHub\Projet_M2_recpt\Board\nrf6310\uart_example\iar\Debug\Obj\iar_startup_nrf51.o
#        Z:\GitHub\Projet_M2_recpt\Board\nrf6310\uart_example\iar\Debug\Obj\main.o
#        Z:\GitHub\Projet_M2_recpt\Board\nrf6310\uart_example\iar\Debug\Obj\radio_config.o
#        Z:\GitHub\Projet_M2_recpt\Board\nrf6310\uart_example\iar\Debug\Obj\simple_uart.o
#        Z:\GitHub\Projet_M2_recpt\Board\nrf6310\uart_example\iar\Debug\Obj\system_nrf51.o
#        --redirect _Printf=_PrintfFull --redirect _Scanf=_ScanfFull -o
#        Z:\GitHub\Projet_M2_recpt\Board\nrf6310\uart_example\iar\Debug\Exe\uart_example.out
#        --map
#        Z:\GitHub\Projet_M2_recpt\Board\nrf6310\uart_example\iar\Debug\List\uart_example.map
#        --config "C:\Program Files (x86)\IAR Systems\Embedded Workbench
#        7.5\arm\config\linker\NordicSemi\nRF51822_QFAA.icf" --semihosting
#        --entry __iar_program_start --inline --vfe
#
###############################################################################

*******************************************************************************
*** RUNTIME MODEL ATTRIBUTES
***

CppFlavor       = *
__SystemLibrary = DLib


*******************************************************************************
*** PLACEMENT SUMMARY
***

"A0":  place at 0x00000000 { ro section .intvec };
"P1":  place in [from 0x00000000 to 0x0003ffff] { ro };
"P2":  place in [from 0x20000000 to 0x20003fff] { rw, block CSTACK, block HEAP };
initialize by copy { rw };
 { section .intvec };

  Section             Kind        Address    Size  Object
  -------             ----        -------    ----  ------
"A0":                                        0xc0
  .intvec             ro code  0x00000000    0xc0  iar_startup_nrf51.o [1]
                             - 0x000000c0    0xc0

"P1":                                      0x13ac
  .text               ro code  0x000000c0   0x2a4  main.o [1]
  .text               ro code  0x00000364   0x260  simple_uart.o [1]
  .text               ro code  0x000005c4   0x19c  radio_config.o [1]
  .text               ro code  0x00000760    0x34  I32ToDbl.o [4]
  .text               ro code  0x00000794   0x184  DblMul.o [4]
  .text               ro code  0x00000918    0xa4  acc_gyr_computation.o [1]
  .text               ro code  0x000009bc    0x32  DblCmpLe.o [4]
  .text               ro code  0x000009ee     0x2  iar_startup_nrf51.o [1]
  .text               ro code  0x000009f0    0x2e  DblToI32.o [4]
  .text               ro code  0x00000a1e   0x1b4  DblAddSub.o [4]
  .text               ro code  0x00000bd2    0xae  I32DivModFast.o [5]
  .text               ro code  0x00000c80    0xbe  sqrt.o [4]
  .text               ro code  0x00000d3e    0xc2  DblDiv.o [4]
  .text               ro code  0x00000e00   0x100  acos.o [4]
  .text               ro code  0x00000f00     0xc  iarEdom.o [5]
  .text               ro code  0x00000f0c    0x3c  zero_init3.o [5]
  .text               ro code  0x00000f48   0x1e0  xatan.o [4]
  .text               ro code  0x00001128    0x10  errno.o [3]
  .text               ro code  0x00001138    0x32  DblCmpGe.o [4]
  .text               ro code  0x0000116a     0x2  iar_startup_nrf51.o [1]
  .text               ro code  0x0000116c    0xf0  system_nrf51.o [1]
  .text               ro code  0x0000125c    0x30  copy_init3.o [5]
  .text               ro code  0x0000128c    0x2c  iar_startup_nrf51.o [1]
  .text               ro code  0x000012b8    0x28  data_init.o [5]
  .iar.init_table     const    0x000012e0    0x24  - Linker created -
  .rodata             const    0x00001304    0x20  main.o [1]
  .rodata             const    0x00001324    0x20  main.o [1]
  .text               ro code  0x00001344    0x1a  cmain.o [5]
  .text               ro code  0x0000135e     0x8  exit.o [3]
  .text               ro code  0x00001366     0x2  iar_startup_nrf51.o [1]
  .text               ro code  0x00001368     0xa  cexit.o [5]
  .text               ro code  0x00001372     0x2  iar_startup_nrf51.o [1]
  .text               ro code  0x00001374    0x14  exit.o [6]
  .rodata             const    0x00001388    0x18  main.o [1]
  .rodata             const    0x000013a0    0x14  main.o [1]
  .rodata             const    0x000013b4    0x10  main.o [1]
  .rodata             const    0x000013c4    0x10  main.o [1]
  .rodata             const    0x000013d4     0xc  main.o [1]
  .rodata             const    0x000013e0     0xc  main.o [1]
  .rodata             const    0x000013ec     0xc  simple_uart.o [1]
  .text               ro code  0x000013f8     0xc  cstartup_M.o [5]
  Initializer bytes   const    0x00001404     0xc  <for P2-1>
  .rodata             const    0x00001410     0x8  main.o [1]
  .rodata             const    0x00001418     0x8  main.o [1]
  .rodata             const    0x00001420     0x8  main.o [1]
  .rodata             const    0x00001428     0x8  main.o [1]
  .rodata             const    0x00001430     0x8  main.o [1]
  .text               ro code  0x00001438     0x2  iar_startup_nrf51.o [1]
  .text               ro code  0x0000143a     0x2  iar_startup_nrf51.o [1]
  .text               ro code  0x0000143c     0x2  iar_startup_nrf51.o [1]
  .text               ro code  0x0000143e     0x2  iar_startup_nrf51.o [1]
  .text               ro code  0x00001440     0x2  iar_startup_nrf51.o [1]
  .text               ro code  0x00001442     0x2  iar_startup_nrf51.o [1]
  .text               ro code  0x00001444     0x2  iar_startup_nrf51.o [1]
  .text               ro code  0x00001446     0x2  iar_startup_nrf51.o [1]
  .text               ro code  0x00001448     0x2  iar_startup_nrf51.o [1]
  .text               ro code  0x0000144a     0x2  iar_startup_nrf51.o [1]
  .text               ro code  0x0000144c     0x2  iar_startup_nrf51.o [1]
  .text               ro code  0x0000144e     0x2  iar_startup_nrf51.o [1]
  .text               ro code  0x00001450     0x2  iar_startup_nrf51.o [1]
  .text               ro code  0x00001452     0x2  iar_startup_nrf51.o [1]
  .text               ro code  0x00001454     0x2  iar_startup_nrf51.o [1]
  .text               ro code  0x00001456     0x2  iar_startup_nrf51.o [1]
  .text               ro code  0x00001458     0x2  iar_startup_nrf51.o [1]
  .text               ro code  0x0000145a     0x2  iar_startup_nrf51.o [1]
  .text               ro code  0x0000145c     0x2  iar_startup_nrf51.o [1]
  .text               ro code  0x0000145e     0x2  iar_startup_nrf51.o [1]
  .text               ro code  0x00001460     0x2  iar_startup_nrf51.o [1]
  .text               ro code  0x00001462     0x2  iar_startup_nrf51.o [1]
  .text               ro code  0x00001464     0x2  iar_startup_nrf51.o [1]
  .text               ro code  0x00001466     0x2  iar_startup_nrf51.o [1]
  .text               ro code  0x00001468     0x2  iar_startup_nrf51.o [1]
  .text               ro code  0x0000146a     0x2  iar_startup_nrf51.o [1]
  .rodata             const    0x0000146c     0x0  zero_init3.o [5]
  .rodata             const    0x0000146c     0x0  copy_init3.o [5]
                             - 0x0000146c  0x13ac

"P2", part 1 of 3:                            0xc
  P2-1                         0x20000000     0xc  <Init block>
    .data             inited   0x20000000     0x4  simple_uart.o [1]
    .data             inited   0x20000004     0x4  system_nrf51.o [1]
    __DLIB_PERTHREAD  inited   0x20000008     0x4  errno.o [3]
                             - 0x2000000c     0xc

"P2", part 2 of 3:                          0x800
  CSTACK                       0x20000010   0x800  <Block>
    CSTACK            uninit   0x20000010   0x800  <Block tail>
                             - 0x20000810   0x800

"P2", part 3 of 3:                           0x54
  .bss                zero     0x20000810    0x34  main.o [1]
  .bss                zero     0x20000844    0x20  simple_uart.o [1]
                             - 0x20000864    0x54


*******************************************************************************
*** INIT TABLE
***

          Address     Size
          -------     ----
Zero (__iar_zero_init3)
    1 destination range, total size 0x54:
          0x20000810  0x54

Copy (__iar_copy_init3)
    1 source range, total size 0xc:
          0x00001404   0xc
    1 destination range, total size 0xc:
          0x20000000   0xc



*******************************************************************************
*** MODULE SUMMARY
***

    Module                 ro code  ro data  rw data
    ------                 -------  -------  -------
Z:\GitHub\Projet_M2_recpt\Board\nrf6310\uart_example\iar\Debug\Obj: [1]
    acc_gyr_computation.o      164
    iar_startup_nrf51.o        296
    main.o                     676      204       52
    radio_config.o             412
    simple_uart.o              608       16       36
    system_nrf51.o             240        4        4
    ------------------------------------------------
    Total:                   2 396      224       92

command line: [2]
    ------------------------------------------------
    Total:

dl6M_tln.a: [3]
    errno.o                     16        4        4
    exit.o                       8
    ------------------------------------------------
    Total:                      24        4        4

m6M_tl.a: [4]
    DblAddSub.o                436
    DblCmpGe.o                  50
    DblCmpLe.o                  50
    DblDiv.o                   194
    DblMul.o                   388
    DblToI32.o                  46
    I32ToDbl.o                  52
    acos.o                     256
    sqrt.o                     190
    xatan.o                    480
    ------------------------------------------------
    Total:                   2 142

rt6M_tl.a: [5]
    I32DivModFast.o            174
    cexit.o                     10
    cmain.o                     26
    copy_init3.o                48
    cstartup_M.o                12
    data_init.o                 40
    iarEdom.o                   12
    zero_init3.o                60
    ------------------------------------------------
    Total:                     382

shb_l.a: [6]
    exit.o                      20
    ------------------------------------------------
    Total:                      20

    Linker created                       36    2 048
----------------------------------------------------
    Grand Total:             4 964      264    2 144


*******************************************************************************
*** ENTRY LIST
***

Entry                      Address   Size  Type      Object
-----                      -------   ----  ----      ------
.iar.init_table$$Base   0x000012e0          --   Gb  - Linker created -
.iar.init_table$$Limit  0x00001304          --   Gb  - Linker created -
?main                   0x00001345         Code  Gb  cmain.o [5]
CSTACK$$Base            0x20000010          --   Gb  - Linker created -
CSTACK$$Limit           0x20000810          --   Gb  - Linker created -
Region$$Table$$Base     0x000012e0          --   Gb  - Linker created -
Region$$Table$$Limit    0x00001304          --   Gb  - Linker created -
SystemCoreClock         0x20000004    0x4  Data  Gb  system_nrf51.o [1]
SystemInit              0x0000116d   0x28  Code  Gb  system_nrf51.o [1]
__Vectors               0x00000000          --   Gb  iar_startup_nrf51.o [1]
__Vectors_End           0x000000c0         Data  Gb  iar_startup_nrf51.o [1]
__Vectors_Size {Abs}    0x000000c0          --   Gb  iar_startup_nrf51.o [1]
__aeabi_cdcmple         0x000009bd         Code  Gb  DblCmpLe.o [4]
__aeabi_cdrcmple        0x00001139         Code  Gb  DblCmpGe.o [4]
__aeabi_d2uiz           0x000009f1         Code  Gb  DblToI32.o [4]
__aeabi_dadd            0x00000a1f         Code  Gb  DblAddSub.o [4]
__aeabi_ddiv            0x00000d3f         Code  Gb  DblDiv.o [4]
__aeabi_dmul            0x00000795         Code  Gb  DblMul.o [4]
__aeabi_dsub            0x00000ae5         Code  Gb  DblAddSub.o [4]
__aeabi_errno_addr      0x00001129    0xa  Code  Gb  errno.o [3]
__aeabi_i2d             0x00000761         Code  Gb  I32ToDbl.o [4]
__aeabi_ui2d            0x00000775         Code  Gb  I32ToDbl.o [4]
__aeabi_uidiv           0x00000bd3         Code  Gb  I32DivModFast.o [5]
__aeabi_uidivmod        0x00000bd3         Code  Gb  I32DivModFast.o [5]
__cmain                 0x00001345         Code  Gb  cmain.o [5]
__exit                  0x00001375   0x14  Code  Gb  exit.o [6]
__iar_Atan              0x00000f49  0x148  Code  Gb  xatan.o [4]
__iar_Errno             0x20000008    0x4  Data  Gb  errno.o [3]
__iar_copy_init3        0x0000125d   0x30  Code  Gb  copy_init3.o [5]
__iar_d2uiz             0x000009f5         Code  Gb  DblToI32.o [4]
__iar_data_init3        0x000012b9   0x28  Code  Gb  data_init.o [5]
__iar_edom              0x00000f01         Code  Gb  iarEdom.o [5]
__iar_program_start     0x000013f9         Code  Gb  cstartup_M.o [5]
__iar_sqrt              0x00000c81         Code  Gb  sqrt.o [4]
__iar_ui2d              0x00000779         Code  Gb  I32ToDbl.o [4]
__iar_zero_init3        0x00000f0d   0x3c  Code  Gb  zero_init3.o [5]
__vector_table          0x00000000         Data  Gb  iar_startup_nrf51.o [1]
_call_main              0x00001351         Code  Gb  cmain.o [5]
_exit                   0x00001369         Code  Gb  cexit.o [5]
_main                   0x0000135b         Code  Gb  cmain.o [5]
a                       0x000010e8   0x40  Data  Lc  xatan.o [4]
acos                    0x00000e01  0x100  Code  Gb  acos.o [4]
alpha_angle_acc         0x00000919   0x96  Code  Gb  acc_gyr_computation.o [1]
exit                    0x0000135f    0x8  Code  Gb  exit.o [3]
h                       0x20000000    0x4  Data  Gb  simple_uart.o [1]
is_disabled_in_debug_needed
                        0x00001205   0x38  Code  Lc  system_nrf51.o [1]
is_manual_peripheral_setup_needed
                        0x00001195   0x70  Code  Lc  system_nrf51.o [1]
itoac                   0x00000431  0x10c  Code  Gb  simple_uart.o [1]
main                    0x000000cd  0x220  Code  Gb  main.o [1]
nrf_gpio_cfg_input      0x00000371   0x12  Code  Lc  simple_uart.o [1]
nrf_gpio_cfg_output     0x000000c1    0xc  Code  Lc  main.o [1]
nrf_gpio_cfg_output     0x00000365    0xc  Code  Lc  simple_uart.o [1]
packet                  0x20000810   0x34  Data  Lc  main.o [1]
radio_configure         0x00000633   0xe0  Code  Gb  radio_config.o [1]
simple_uart_config      0x000003bd   0x74  Code  Gb  simple_uart.o [1]
simple_uart_put         0x00000383   0x18  Code  Gb  simple_uart.o [1]
simple_uart_putstring   0x0000039b   0x22  Code  Gb  simple_uart.o [1]
sqrt                    0x00000c81         Code  Gb  sqrt.o [4]
sqrtl                   0x00000c81         Code  Gb  sqrt.o [4]
swap_bits               0x000005c5   0x2e  Code  Lc  radio_config.o [1]
swap_bytes              0x000005f3   0x40  Code  Lc  radio_config.o [1]
uart_conv_ascii         0x0000053d   0x3e  Code  Gb  simple_uart.o [1]
uart_conv_ascii::buf    0x20000844   0x20  Data  Lc  simple_uart.o [1]


[1] = Z:\GitHub\Projet_M2_recpt\Board\nrf6310\uart_example\iar\Debug\Obj
[2] = command line
[3] = dl6M_tln.a
[4] = m6M_tl.a
[5] = rt6M_tl.a
[6] = shb_l.a

  4 964 bytes of readonly  code memory
    264 bytes of readonly  data memory
  2 144 bytes of readwrite data memory

Errors: none
Warnings: none
